{"Language page renders correctly: languages/python-1":{"markdownRemark":{"frontmatter":{"whatis":"Python es uno de los lenguajes de programación más requeridos por la industria. Es preferido por empresas como Instagram, YouTube y Spotify. Su diversidad, versatilidad y elegancia en los conceptos básicos y fáciles de dominar que posee lo distinguen de otros lenguajes de programación. Por esa razón es el más popular para su uso en desarrollo web, aprendizaje automático, ciencia de datos, computación e infraestructura en la nube.","bottomImage":{"childImageSharp":{"fluid":{"base64":"data:image/png;base64,iVBORw0KGgoAAAANSUhEUgAAABQAAAAGCAYAAADDl76dAAAACXBIWXMAAAsTAAALEwEAmpwYAAAB8UlEQVQY0wHmARn+AAAAAAD///8AlXOzAaaIvgDr5eFm7eXYIp6lmaI7RmgK1+HgS+ju8feqx9vi6O3o9ejt747///8A+vv8X////xRth5umaoeXtpaxwgCzy9oBAPKoNwCsmcYBq5XEAKqUwyTMtdFr8ejpEMa2kkLP1NAn7O3ssOPs8/+qtHj/+fDE/+/3/5////8A////Bt7KzgBnkKEcg5CdI////wDr//8AAPretADLfo4DzH+OAM6Cj2PRi46UxnidOukDNRDh8PFQ7/Dv/+vz86fp5L/Q8fPur7e7prNmnoIK////Ef/o4g//AAADO4qZAIIjFQD/AAAAAPreswD6z6UB+c6iAPnEnBT/3q4rNfHvAP/03RHz9/g5xsrJc7Somomisbm8kZ+klJqZhZ/bt5VOmQAAAN52bD/UXVD/1YF2jZ+3uCH///8AAPfLiAH4yYQA+siCHPLPhi13t8Izrnd1PYawxDX///8Jm4l6J9u0lP+kpqDQgZCU1LGfj7bwuo6tzqeQAGZWXxReZG9qv5aOp6mKhWP/uaMAAPjTmwD60pUA+9GTBfTQlQudwsAOpYaEC5i6zAsAADMASoatJ2KLpKMAAAAAjbLFAFSFo1FbiaaQWoyqAJULAABvZm8A8I12ANqLeAD/llEAT9IXr4GtSDUAAAAASUVORK5CYII=","aspectRatio":3.4482758620689653,"src":"/static/d7afbe55b57870a358480aaaf85de14d/ee604/python_inferior.png","srcSet":"/static/d7afbe55b57870a358480aaaf85de14d/69585/python_inferior.png 200w,\n/static/d7afbe55b57870a358480aaaf85de14d/497c6/python_inferior.png 400w,\n/static/d7afbe55b57870a358480aaaf85de14d/ee604/python_inferior.png 800w,\n/static/d7afbe55b57870a358480aaaf85de14d/f3583/python_inferior.png 1200w,\n/static/d7afbe55b57870a358480aaaf85de14d/0c5bf/python_inferior.png 1480w","sizes":"(max-width: 800px) 100vw, 800px"}}},"commonUseCases":[{"title":"Cálculo científico","image":{"childImageSharp":{"fluid":{"base64":"data:image/jpeg;base64,/9j/2wBDABALDA4MChAODQ4SERATGCgaGBYWGDEjJR0oOjM9PDkzODdASFxOQERXRTc4UG1RV19iZ2hnPk1xeXBkeFxlZ2P/2wBDARESEhgVGC8aGi9jQjhCY2NjY2NjY2NjY2NjY2NjY2NjY2NjY2NjY2NjY2NjY2NjY2NjY2NjY2NjY2NjY2NjY2P/wgARCAALABQDASIAAhEBAxEB/8QAFwABAQEBAAAAAAAAAAAAAAAAAgADBf/EABUBAQEAAAAAAAAAAAAAAAAAAAAB/9oADAMBAAIQAxAAAAHjFZ2KUf/EABkQAQEAAwEAAAAAAAAAAAAAAAEAAhEhMf/aAAgBAQABBQK3ezzEWOn/xAAUEQEAAAAAAAAAAAAAAAAAAAAQ/9oACAEDAQE/AT//xAAUEQEAAAAAAAAAAAAAAAAAAAAQ/9oACAECAQE/AT//xAAaEAEAAQUAAAAAAAAAAAAAAAAAMQEQESHh/9oACAEBAAY/AuJSpi23/8QAHBAAAgICAwAAAAAAAAAAAAAAAAERMSFRYZHR/9oACAEBAAE/IWsTXKMN+htepcGsbJVl4f/aAAwDAQACAAMAAAAQ1+//xAAWEQEBAQAAAAAAAAAAAAAAAAAAARH/2gAIAQMBAT8QjX//xAAXEQEAAwAAAAAAAAAAAAAAAAAAAREx/9oACAECAQE/EJ1T/8QAGhABAAMBAQEAAAAAAAAAAAAAAQARITFhQf/aAAgBAQABPxAilrBcpX3OfIAPyVkGXdYBdRZFp7sJQC85U//Z","aspectRatio":1.9047619047619047,"src":"/static/21e7ef0642e64d39724ab122844e19b9/14b42/calcullo.jpg","srcSet":"/static/21e7ef0642e64d39724ab122844e19b9/f836f/calcullo.jpg 200w,\n/static/21e7ef0642e64d39724ab122844e19b9/2244e/calcullo.jpg 400w,\n/static/21e7ef0642e64d39724ab122844e19b9/14b42/calcullo.jpg 800w","sizes":"(max-width: 800px) 100vw, 800px"}}}},{"title":"Procesos de automatización","image":{"childImageSharp":{"fluid":{"base64":"data:image/jpeg;base64,/9j/2wBDABALDA4MChAODQ4SERATGCgaGBYWGDEjJR0oOjM9PDkzODdASFxOQERXRTc4UG1RV19iZ2hnPk1xeXBkeFxlZ2P/2wBDARESEhgVGC8aGi9jQjhCY2NjY2NjY2NjY2NjY2NjY2NjY2NjY2NjY2NjY2NjY2NjY2NjY2NjY2NjY2NjY2NjY2P/wgARCAANABQDASIAAhEBAxEB/8QAGAAAAwEBAAAAAAAAAAAAAAAAAAIDAQX/xAAVAQEBAAAAAAAAAAAAAAAAAAAAAf/aAAwDAQACEAMQAAAB49U2Iilf/8QAGhAAAgIDAAAAAAAAAAAAAAAAAAECIRAiQf/aAAgBAQABBQLrsomtsf/EABURAQEAAAAAAAAAAAAAAAAAAAEQ/9oACAEDAQE/AWf/xAAUEQEAAAAAAAAAAAAAAAAAAAAQ/9oACAECAQE/AT//xAAVEAEBAAAAAAAAAAAAAAAAAAAQgf/aAAgBAQAGPwJj/8QAHBABAAICAwEAAAAAAAAAAAAAAQAhETFBcZGh/9oACAEBAAE/IW29M5UPY219gFIzWHUdz//aAAwDAQACAAMAAAAQbM//xAAUEQEAAAAAAAAAAAAAAAAAAAAQ/9oACAEDAQE/EB//xAAVEQEBAAAAAAAAAAAAAAAAAAABEP/aAAgBAgEBPxAn/8QAGhABAQEAAwEAAAAAAAAAAAAAAREAIUGhUf/aAAgBAQABPxBPDVwQiKfYNBHnIMwa9zJo9gZcuW//2Q==","aspectRatio":1.492537313432836,"src":"/static/2b4f2e223cfd72e11b0147b4f2e9a3ff/14b42/automatizacion.jpg","srcSet":"/static/2b4f2e223cfd72e11b0147b4f2e9a3ff/f836f/automatizacion.jpg 200w,\n/static/2b4f2e223cfd72e11b0147b4f2e9a3ff/2244e/automatizacion.jpg 400w,\n/static/2b4f2e223cfd72e11b0147b4f2e9a3ff/14b42/automatizacion.jpg 800w,\n/static/2b4f2e223cfd72e11b0147b4f2e9a3ff/47498/automatizacion.jpg 1200w,\n/static/2b4f2e223cfd72e11b0147b4f2e9a3ff/0e329/automatizacion.jpg 1600w,\n/static/2b4f2e223cfd72e11b0147b4f2e9a3ff/d2452/automatizacion.jpg 4000w","sizes":"(max-width: 800px) 100vw, 800px"}}}},{"title":"Scripting del lado del servidor","image":{"childImageSharp":{"fluid":{"base64":"data:image/png;base64,iVBORw0KGgoAAAANSUhEUgAAABQAAAAMCAYAAABiDJ37AAAACXBIWXMAAAsTAAALEwEAmpwYAAACOklEQVQoz1WT63LTMBSE+yYUmiZ2fJPvsuW7HMdpk1IKAwMzvP9jLCs1UPrDM/aR9Wn37NHN7cbBx/s93CCHLyrsvAReVCKIK4isRVIOCJPa1nzWgri2axHX/EQhSBrWa+y534sK3Nxu9rjduHD8HCLv4XBhH5bXja8gkSqkRYek6BEZOOtKDVCyhm756AVuJLFxhAG6MCq3+5inKcIKwjOeXsET0m6OmxNEe0ZQrxDzD0TjVyzjiFFVmPoRsh4g2wXD4fKmcOOEFujR9j3hc/2CU/UNQTYiXX8jPf5EWB1Q9I9op0d0+oJETpDdirI5oJ/PqPvjG/DT1qdFZaE7L0UWD4jzEUG/IFqf4RYNwliiag9Q/YqqW/i+oB1PWC/fCZ1RKv3XsstgPGvXNNtY3rgRHALEcEK5fIYkJGVALv8pak3QA/JqpM0n+21C3e6TN+DfYIxCNyisSo+b9fKEib0Z5gsBE1XMTL9BzJAihiWp2MCMCJP+P+CHO8dCTLImZfO+81NU+QKZLWimB6tmPr2wFa2F190RDZVPdHBgXdHNO4UmGDtT0RXIJxEdwkhZNUal2Wigmn016hp9Rj6syAhbpvF/oMNgApuyx5na0YKxsfUT3LGfRnXHdPur9SY5IRQc7uWCcP2CdHhELYf3Cl+DKe2NMTDbx6DEuf3F1Jk4Z3M6PiNjGEWuqbqBYC8Vx0UKjSF/eg98DSaz42NujAGa7zQZUFTaWtZUowntOHfientM73paN738A9Q2hedk6sfrAAAAAElFTkSuQmCC","aspectRatio":1.7094017094017093,"src":"/static/2dff12b03d36ba08c4abe4fd999f14cd/ee604/abaqus-python-scripting.png","srcSet":"/static/2dff12b03d36ba08c4abe4fd999f14cd/69585/abaqus-python-scripting.png 200w,\n/static/2dff12b03d36ba08c4abe4fd999f14cd/497c6/abaqus-python-scripting.png 400w,\n/static/2dff12b03d36ba08c4abe4fd999f14cd/ee604/abaqus-python-scripting.png 800w","sizes":"(max-width: 800px) 100vw, 800px"}}}}],"companies":[{"childImageSharp":{"fluid":{"base64":"data:image/png;base64,iVBORw0KGgoAAAANSUhEUgAAABQAAAAYCAYAAAD6S912AAAACXBIWXMAAAsTAAALEwEAmpwYAAAB2klEQVQ4y6VVPUsDQRC9S0ijhYWCimjhF4Ja2ihIUgnaiGBpbWejvfgHBFtFEKytbNVKq5BoFbDRRkSQFAoG8c5d34aZ5LmceokD73ZvZ+bdfOzuBcEvYoxhZKy1ATAKHOP9DuOYrIVBGhFjh6yMS8AbYEH4iKGrHcJ6ZCAYx1izTTlkfVIUmloo6TmElOoBkT0Dg86eoq+DCUNWirGiE6gK2b2rnafPiH8zLSp+L95ngTnM+8lpD9gABoBJYBmYB/qYmLvXA+xLOpzaCWxWMc4AO0DFfpcq9IdAdz1CCX1EUlGJBT/JJxB5Ng9uS2lRS7IV3sXYCBqO0MVEYpQF65FMS5gPOcJ1WfhQG3WAgfHXvLlGWAZy2pRzUrLxX6IZOClIH3Lu8UTRpCWzRHYLdPA+jBNSSSPqd+Vv7IgIbRuEN1o/t2P+k7I2zjVzQgizjvDSa0p6xuaWOWrcOnjsymLURpddYtqcba1hnrrWKqFfqlO9WcqijFtskPFSv9Z2r3mKNJGyjfqt8OV6QV1LOnZaM+NlofZnWkO9voaBF+9cx/R1S9HEQqxkr85f9yFf4wsJR0vnNV2TILkki8qT9GfLw6EizkXMNzFOywU8BWxhrSgfcKekwP+WL2zQfMFqxVikAAAAAElFTkSuQmCC","aspectRatio":0.8378378378378378,"src":"/static/d22f87948dedbeff3edb91583c281106/62d80/apple.png","srcSet":"/static/d22f87948dedbeff3edb91583c281106/b44cd/apple.png 31w,\n/static/d22f87948dedbeff3edb91583c281106/72176/apple.png 63w,\n/static/d22f87948dedbeff3edb91583c281106/62d80/apple.png 125w,\n/static/d22f87948dedbeff3edb91583c281106/231da/apple.png 188w,\n/static/d22f87948dedbeff3edb91583c281106/e1953/apple.png 250w,\n/static/d22f87948dedbeff3edb91583c281106/8c781/apple.png 505w","sizes":"(max-width: 125px) 100vw, 125px"}}},{"childImageSharp":{"fluid":{"base64":"data:image/png;base64,iVBORw0KGgoAAAANSUhEUgAAABQAAAAQCAYAAAAWGF8bAAAACXBIWXMAAA7EAAAOxAGVKw4bAAABMUlEQVQ4y9WTu0pDQRCGz8VKE1KKQipTRIL4AlZaSbCUEEm8gMRabASxTUQJklRBLGyidpa+0jlv4TdxNqyTDYqVHvj4/53ZnT17i6I//+V5HmVZ9kV9Qv1DhArGXod4XkEzeezadsY4MKvEEhkA4lMvnnr9Es1/FpaANjbhjmQPXXcd/G0wvozu2m1yZglGJKtoDVagBG0owrJ48gtQwdfRFpzj12DDFpRgX/0hPNP5CW3AAH+vBUdoFzowpv0Ir/gH/anI379rkhfoEdzALRzAkPhAPCoDL2EfP0Zf4B0vEyz6f+jYI9lEZWklOJGlo6vosQ46pf0GV/gCugXb09O2pxu6i3rSLrcDZ7q3M3kbSNyV0MHOT65K4AEkjmnBn74mc+9Su5pfPdFvn92/+D4AwAdGyxmOA5EAAAAASUVORK5CYII=","aspectRatio":1.24,"src":"/static/504034c2fc8d3355c380256959a74ddf/62d80/google.png","srcSet":"/static/504034c2fc8d3355c380256959a74ddf/b44cd/google.png 31w,\n/static/504034c2fc8d3355c380256959a74ddf/72176/google.png 63w,\n/static/504034c2fc8d3355c380256959a74ddf/62d80/google.png 125w,\n/static/504034c2fc8d3355c380256959a74ddf/231da/google.png 188w,\n/static/504034c2fc8d3355c380256959a74ddf/e1953/google.png 250w,\n/static/504034c2fc8d3355c380256959a74ddf/a0394/google.png 844w","sizes":"(max-width: 125px) 100vw, 125px"}}},{"childImageSharp":{"fluid":{"base64":"data:image/png;base64,iVBORw0KGgoAAAANSUhEUgAAABQAAAAFCAYAAABFA8wzAAAACXBIWXMAAAsTAAALEwEAmpwYAAAA1ElEQVQY023QPwuBURTH8SeRIoOM8hIssimDxaC8BBaDf29ApEjKoFD+lSySWJnxGEzEZlQWGbwF1/fklpKnPv1O95xz6z6GUioF9fp8eUrjDys9yZj6fpWfGRfuUozQQZOlPRlEFmGE4NcLct7ChLkieSEDZE7PxnGQwRWNK2mSc6yp63ighA0KWGJIX853mOms4YYxpnLhXS/YUMVWP+3Gsh0n6ic81KZ+jQMZSC/K+ZlcoCsXNuDUz/JiwECPTMOCI5LS57xM+vSsG230If8+gcgbXedYhTMqrxEAAAAASUVORK5CYII=","aspectRatio":3.875,"src":"/static/b12c43c0aa457c15cd0798cf3f9d7cc4/62d80/paypal-2-.png","srcSet":"/static/b12c43c0aa457c15cd0798cf3f9d7cc4/b44cd/paypal-2-.png 31w,\n/static/b12c43c0aa457c15cd0798cf3f9d7cc4/72176/paypal-2-.png 63w,\n/static/b12c43c0aa457c15cd0798cf3f9d7cc4/62d80/paypal-2-.png 125w,\n/static/b12c43c0aa457c15cd0798cf3f9d7cc4/231da/paypal-2-.png 188w,\n/static/b12c43c0aa457c15cd0798cf3f9d7cc4/e1953/paypal-2-.png 250w,\n/static/b12c43c0aa457c15cd0798cf3f9d7cc4/f3583/paypal-2-.png 1200w","sizes":"(max-width: 125px) 100vw, 125px"}}}],"featuredImg":{"childImageSharp":{"fluid":{"base64":"data:image/png;base64,iVBORw0KGgoAAAANSUhEUgAAABQAAAAICAIAAAB2/0i6AAAACXBIWXMAAAsTAAALEwEAmpwYAAAAsElEQVQY02MwK1qCC5kWLjYrWoxHAQMenZYly8yKlpoWkqLZvGiJSeFi8+IlM7adWXfshnHBEtOipaTZvOH4reuP35y7dmHuojKL4oVm2PQzYHdw6fJl+y5cOljx9Gjsvg3JWmmTgZrNiXS2aeFS04L529ZkzJybp5veq5LYr589C9NyBtyBudQ4f4FO+iSN1Cm6mdOByDh/PvGaQfqN8hcA7TTImWuUNw9oFjjyEAoAb/LXX2iR15gAAAAASUVORK5CYII=","aspectRatio":2.5,"src":"/static/7630ca7a6e14827497031914e791886f/eeb1b/banner.png","srcSet":"/static/7630ca7a6e14827497031914e791886f/19ca5/banner.png 480w,\n/static/7630ca7a6e14827497031914e791886f/40ffe/banner.png 960w,\n/static/7630ca7a6e14827497031914e791886f/eeb1b/banner.png 1920w","sizes":"(max-width: 1920px) 100vw, 1920px"}}},"features":[{"description":"Python, conocido por su simplicidad y elegante sintaxis, es mucho más f leer y escribir que otros lenguajes de programación.","image":{"childImageSharp":{"fluid":{"base64":"data:image/png;base64,iVBORw0KGgoAAAANSUhEUgAAABQAAAAUCAYAAACNiR0NAAAACXBIWXMAAAsTAAALEwEAmpwYAAADyUlEQVQ4y22U3W8UZRTG37YXiNBCaXd3pvJhUCQxUe404BUBQrgwkPAHcGlISLzyA+ONkKCRC1tNTEgsWtvO7G5pe1HaWKkxUQglAYNpbGvt7sx+dSvUdrtLKTuz8x7P885M2mzY5Mm8e3bOb86cPecRMcMSMdMSmpFuaB4piVjCFpppvRqL212sFMuLJjKSr6wM8XWJNcQ6GRnIIU/E4lYTfxeQCmhmumF3z6xoGywieJHlMIRC8ffgbMvNMdawbqTaOB9FKajQ++bFwc5Jse3WGmC9sTAhYTt89qKoDBWyooD4ZzfqC1BLi1v7uErkN4pIMtsYSebwpStIqOrJjMcijZM7khmpqQdkiM+kc0z3z4hXA+jc3u6p7bt/mBEiIJ8CjG+ooYIX+yxiyRbDllt6Ldph2NRm2oRzc78S4hIxHVC/t9fQU7FzuCgYdhcV7DJtl0Xnbj+SN3NrdO/xM/r+nzK9M1agl29k6bOHy3T733WlSw9X5CuDWdnCcC3800zrdfwhb2sJm9r53zwwlJNfTpUk1X1mSg4NWE/qw/Tb4ro8PFqgSFz1G1V+jtf9AD3h13BP3SrSxMJTBazWJLmez55bdWi88FSdHY45QTxVduj9e0uy1bRrmg+8A2A3gFy6e3y8KEeya+pmT0olfGa5wtGcH6/Vxc/ffSy5TV4ALAieLSMEnvi5KJ+X+DdXOJbfiNfkRuUXJpeIK1STwKxlVHh9M/BmAJRSbuphlZ4XR4UMxCuHFS4A+HEIPDa+QD/l/R4+cT0qO55KzK+59GtxXZ0rzkbcrrj0nv/KYQ8nsbdHANzeZ3mnf1mUPfMV2T1Xpk/+WKaLD5bp6+lV+nZ2lb6YKtF1HqFPOf7R/f+oa7pERroiP+TzTsN2AuBV8cJoSTDwAYb3yFihdvnPFTVjvfMViqcrCtb5V4m+Yn0zs0q9qQqZHO+cLkm+V577/REvgOVvk2kdUg7BhzPhYLfydmC4t/GmYGO4FbR/MEuvDeUwq7Q12CIuQG0KX6vBDPZghUX7jUJj+0Ae4O/wA/YTk49dZmFvJUBIDndb93c6vBewjG5ardw+dpv+VMOe7mkhiAAdjvlGAEdRbhM6TZ3cQIAtavH0Qd8TrCbfD9lcO36cEy2jK4Be2fA/JXhgjWcMduXV+eEEW1cH2sYG0cTx0GB9x37j6oSIJrPY7zexQZj8IJECt4bKALHO7hpSY6dgkURWtKOH+KBcuC67L4BNeACeppupZk54i/UuA0/z9ahupF/CQwHaMbKkTDXKsEgyL/b0z4j/AXMMKeWtTjVIAAAAAElFTkSuQmCC","aspectRatio":1.0095238095238095,"src":"/static/63abf6349cf9dd06b64db1abeca61a64/1b8fb/frame-8.png","srcSet":"/static/63abf6349cf9dd06b64db1abeca61a64/1b8fb/frame-8.png 106w","sizes":"(max-width: 106px) 100vw, 106px"}}},"title":"Fácil de aprender"},{"description":"Python se puede descargar y utilizar comercialmente de forma gratuita. Incluso puedes editar el código fuente y contribuir a su comun","image":{"childImageSharp":{"fluid":{"base64":"data:image/png;base64,iVBORw0KGgoAAAANSUhEUgAAABQAAAAUCAYAAACNiR0NAAAACXBIWXMAAAsTAAALEwEAmpwYAAADmklEQVQ4y22UTWxMURTHb1vfSpjOx5sRkWgiYsGCsGHDVlhILCwIC4mNRIhYCEJiIdFILCQSNLSd6fRL1aKCaKIiqYoSEg2d9+ajdKrttPpl5s3c43/uvW+IeMnJu5+/+z/nnntEsDkpQjGHrcLfmqlQ/ai9Dv1rsEFYKdSclMpiSUI/B+uC7atp/y6sqM17qwLxtPC3DosyLPLgi+DBUMw+if4swAQIBWMO/6Wl25LH1RyPx5xuACPMCDanFFRYsYRYFR/lAQbf4oVmQyFo1PmiDq1stFklj0uMu1jjmnUj4Yavm0JRJaxKBEA2bl8xpxfYzSDcCwO2rMGWx3pHKW7PkJ8PA9ADw/IGmg5HE34LSkWo2YFKe5dRVvJgvDEST8oF9xN09UOOpvIlqok65RCwBXVMPWg0EE8JUdOSYXVPzaBr4iahjtbEk7QQwIvvJig145aBOIgsBXQ0WAshxHMHwzYpVQZkTqelDbbavPiBTZcGJmh4VgP5cpZjbnWT40F1vLWgmww8btx1PVf82HgUcdvyKEPi3hBdeZ9TQN68BAccfjlK2x8Pl6HYXzTAAQZe/8tddSIr+TxZoAzcxKXQubfjlJ0rUkV9gk71jRF/RwDluXBcAaVhTOBSkrdNoF12mV3iNKltSylI/9gvqvs0SYM44PSbcQU72z/uwXSuapX8z7PCOhM/pTCg4Zx3tB7QxM+CgswUSmUY3zwfHPBu/I/CHANPqCdlFOJm5brWFK1tSdJqKN3QnqbBKQ09A4UcQ57jDODb1hdZjuEHfmqbQzoVJFJEXh6YkM++zZFAvPg2+VJY6cGeLIk7Q1QN5eLukOp/zOWlUeqaZL8lfHjQaPREdM65F5Bz+GTP9znqzc7T69F54nZ3Zk61X2HsOQ7MzhflD1hAP8UiVDJwp1cc9vAJeFpFqJE3cAld6VnZkZyhh7DO1Cx1wbhtxmQ77MCLEVrV5OQtra7d3/ZNoMKkKgO6MNQxFCmTRzKXFiHwMGmM/tdf0Wjnjas/8ErCVjTB1cYWtQ0DwhfLCEi/zwsiOuAFWIlj+x9zeT6sYZNWY2Kr8bSqXA+5UPLjRvu8l/nGOCXQVyWr9E897IWq9aoexlEPURc8oIL6OkYElzLAN5ramDYbyVQWtmnYC9ih6ifTwmpK6IrdmhG+zqxQnwJCIccAwCpWy+Bw49BypNU2zO8FcD/+uzG31q8rlBB9xPsqeS0DI/WD4jd2Wuo2twAqbQAAAABJRU5ErkJggg==","aspectRatio":1.0095238095238095,"src":"/static/5b3fa211229b586871da6bfd90ff8d23/1b8fb/frame-9.png","srcSet":"/static/5b3fa211229b586871da6bfd90ff8d23/1b8fb/frame-9.png 106w","sizes":"(max-width: 106px) 100vw, 106px"}}},"title":"Código abierto y gratuito"},{"description":"Python se utiliza en una amplia gama de aplicaciones y campos de estudque contribuye a la creciente demanda de desarrolladores que dominen este lenguaje.","image":{"childImageSharp":{"fluid":{"base64":"data:image/png;base64,iVBORw0KGgoAAAANSUhEUgAAABQAAAAUCAYAAACNiR0NAAAACXBIWXMAAAsTAAALEwEAmpwYAAAD2ElEQVQ4y11VXWxURRSeuiYoAgrbvfcuRRASf2KiEsTEBAJGeDKSIPHB+GB85IFXfVETE2OIDyoPJhKQyk+7f90CW34soZRgYtRoxARICnZ37727XbqhYm13K+x25/CdM3MLcZOTuXPunW++882Zb5Wb9ZWb8ZWHSGTDLicbKC9V7EFuL2IMMY8cORlfuxgxn0acRby1YnBCeemyQj6WyFdU/ERNCRiia026pBwDvhsxK4vvh45GATfAHCNeqrQaeeXkwlhioKLArKwSuUqXY4D38cIEPu5O+63ujN9BaDxzTkCFacZvOxwGeAosX7TEYmAVxrhMTD6yC9rJXNBZmw/pqXyoMep1gyGtysk7w9KMDHbXgtaTqZLnocqo5Ff4g3ja188cr3TOT8zRyaChj/uIoEHp0iz9VP+PXj9Xo6X9ZVqZE1D9P9ACKlUoN2TAIQ/Jx1N+6+VTVcoDyDMbkJEgoN6/Zmj3z7do0bEyrUDey1pQBADnWVOUvpVP6WnehQGeSPl6w6mqZkbLwOSloSpl8HxkfJaY9Qmw7SvO0qazE7KZt1D+gp69zO49Qc8G7QgwV27Qo31lOnB9hvb8MiWMwJ4eQ+6LK/9IXn03zqVHmnYs4Jhy0+XPeBIBcslHwUgdKtL+sX9pyw81UoeL9O6PddZVGF6ozdGnf96WjayW2gI2GHBfBLgcgC8UKvTH1B368uo0/XbrDm1A2TsuTNIIQFgClgKtRN9is6+uTdMj0DQpfcrgQYsBP3dM03JvabSMALxzqS4gz5+siIavDdfo4SMl6smZw1oC4ELYpPVDVc1E7Ik3WcP3WUPuP6uHZhaqt0gf/P43nak0abjaJN4oaTSTnmSNvwbDXRcnNZ47SQN4gxk+59quj/RIGglE9J2jkzR6c44242RjYMg5MJJ+PF1pajDkedsyPKq6B6rMctiK2nYfMAIGVd8X6Y2RmzSK8vnAWL9VAwEdujGjceIaGrJM0ocgtz26KZuk7GzQcR+8sxhZM26Xty/WRbPD4zNyiz65fFtzK+Ew7lp2w/F8VYlLOOa27LVO0nKjvrKasgSL++SGcIn6STBcdKzE71uRpeEer5G7zD64pDClrEEctEz5IwEGgwhU9OVehfPMQ8sIrOGl/VfdTCC+uOCHPf0lGKyAfshgke9ZpvO2CzqRRzrGD38Fq2cZw2GTZT9kc7Su3RXPsi8G0f3+BhFYI+WmjUy1gbjEVzZ2rmEcGz7IYMsLk0p+5i+grJIILIzhtEQCeNxiLNiI928ivxPjNsxXxwdrikvc9XE/Az7E3yYGQrWyr6juATg838MhxeULAAAAAElFTkSuQmCC","aspectRatio":1.0095238095238095,"src":"/static/9590b5a31ea0933f3c0ba0c053623a6a/1b8fb/frame-11.png","srcSet":"/static/9590b5a31ea0933f3c0ba0c053623a6a/1b8fb/frame-11.png 106w","sizes":"(max-width: 106px) 100vw, 106px"}}},"title":"Altamente versátil"},{"description":"Python es muy expresivo y permite mayor funcionalidad. Te sorprende lo que puedes lograr con solo 500 líneas de código.","image":{"childImageSharp":{"fluid":{"base64":"data:image/png;base64,iVBORw0KGgoAAAANSUhEUgAAABQAAAAUCAYAAACNiR0NAAAACXBIWXMAAAsTAAALEwEAmpwYAAADx0lEQVQ4y3WVbWhbZRTHT1YEu01rm7T3ZlT8oqDuRaedoiIiCCIIKqKwibp929iQOVAnzr3J9kHm/KIIoiAjy0s727RpZ6FDtylT1705HXZly71Jbvq6pnEsxSS9z/F/ntywLNTCj/v25Pecc57nOaXg4askLDs0Sq2dmQYjlqL2QyO3G1F7AzgK0uBfI5oq4zoNToFdZti6pw1jVx08SUbU8uEdtUVTRMEQhKEr1Nw36ZMB+PASSELMbbdg3/KMMXNg5+K+HJkRi4yItUik1P7dCPm7s77AEUde7jAxOFihBMrABaqGee8bmxXxD4HO1G2GSKO2jzBbg5jx4l2J6q6w7TaGrPklIYuB8uD658Uhy1162CoiTZEO+HvHiXJMZMRsqcEakfkjNj+acNzXjk/yyz9OqFcqcD3y7dWfJvj5oXGFKCG1Rbpdp+zvykqog5ICZiztuzjL7/x+Ta09Mclv/TzFby7A2+D145Pq68vXeWVvxm1GIGbMzgfDSZPMqLUSQplJIV31/pkZdXdXij+/lOeBTIHjqQL3Z26SSBf42Ngcr+h1eOOv06qj35EylYxKPbdJdFuNSoHLTWGbPzw7ozArP9af5WcHx7gj4fD9PRl+oIbl8YxIeDvGrk44EkjZEw6K8NsaoUTIayD76FyOtw3PaGlP6gZ3exyxb/BQdo7XoSQojUwoQtcTjkKYitcLJboDf+V51/mcruNCf/tRa6SMyXXKVeGERBirCr0a8uMQHkQN9174f+HeC7O8qSKsjVCfjP21NZRFkZT34Acif2FonP/Ol/jSbFFzMVdkp1Dmzb9d4y2goyKc94TDInzRE85Lyh9AKAux7uQUb/hlimVPyhaSmq31WI/3D/U5/N7wjHokoVOuLsqX1B4abcSNbXqnRCJcEc+o3UhX6vgZOFDDp3/m+auRf2SxFKJUdRE+TV5D2Opt7KKI9v0xqz4+l1NSpz0L8Am+y8TfjF7nB+OZUotsbJxp//djRMu/OEVL49MiPdGKI3Rfd7r41NGs3jpAYcWVd6+pPDvqiYEsr+5zqhu6gI5zr3QdEaHtIMpwMoD7y3Ke78ARbApbqKml6mDv6t6JbGRz4xwr/O453WCidgNVb4xIkszQlWacyQHTa01yHGX163Bvfkfto9aTVUdrZ5p0l/Xa1yIznKRALC3Pb4DThnQRaaj6Kh1FpyfYYDca8xLdqdECA10O0aBLtEwviqVBDXwtnY5u5009sumth3G/HuyAbCeumzHxM8GI1YgOrv91YMKGVgTR0j1BwchV+g+IyATMQUTeXAAAAABJRU5ErkJggg==","aspectRatio":1.0095238095238095,"src":"/static/b3c95dc8e1dad79d60846aae0b435aa7/1b8fb/frame-7.png","srcSet":"/static/b3c95dc8e1dad79d60846aae0b435aa7/1b8fb/frame-7.png 106w","sizes":"(max-width: 106px) 100vw, 106px"}}},"title":"Menos líneas de código"}],"languageImg":{"childImageSharp":{"fluid":{"base64":"data:image/png;base64,iVBORw0KGgoAAAANSUhEUgAAABQAAAAUCAYAAACNiR0NAAAACXBIWXMAAAsTAAALEwEAmpwYAAAEZklEQVQ4y2XUWWhcVRgH8DOjoFaIDz4oFBEUTFoXBOXeO03SbJPEpE0EqS1CH6qmNm2zzWTppCBF8KGYh0qxJmOWyUx2kzRNbAuCFKXapk2bZptksmhLjRYbF0Swzsyd8/d/7tzWFC8c7p1Afvy/833nCGE/xuExoXO59jUJo/EUv0dL9MZT53TfyZ+1Q0MxvWHQ1OsHbml1fWN6bU+pXhMUWnVAaN4uoXmC4n+PwozDo04uhVUT/Uf3jXxlYyAmiYEYdG8XNE/oQ93TJfjt0GrWgUwgDN9IMpXvpEP9ZrILxPy6b1gQ+44YiMW12h5JIKZ7QtBqOv/YUtP26IZdo+LIJ0ccCOcLtSyIy6E3jjygNQw6tUPDCv6ayaA3fP6ljUFLJpNMJvWaTujVHWuvVLSnvPXBMeEoHRFyzu3EbJ4FJsskTEQl4nt4D98dxDq0uv7jWm3vcWK/EAMxkxi0qrY1o8qfIp4/LwChQIHVnaoZo2o9S7iZyUaJjjBZt17f367V9bYxWQf3KsCN/9VOZhrVrdi8L3D9+sWdu7FYGJbhwknM5Xsx67bAJ4n9SAxMBrsB0O+V2Q07mcIkkyWYDKllHcurl97wYqEAci4fLBeYyS1XJTclsaE79mjE9WQDYiwzqnuCUWJRlYyYqVV+FjMqm7GprO2H2xOl+zHvhpx1x4gBU9m/qQYsJRswmLCTSWIJozYEl7cTLk8Arpp2qDJVMqOyBVsqTuDxXV0fYSWrMTFLcCY3LqeyE7iWBbF+zmwMBufsxYO94Wf29o+k7es+k/pe6PRze4OnU8sCZ9Lebfviqd2B+vC5Nw2Ec1fltJXMwjCZKYVdphqNZDJimw70vf9XZEcGvi89hpUSP5a3tWCpqAWR1/yI5J/A9Uw/wnm/S1XmdHZCJjHgSoYUWv3Aqp48AaaLZW4+0Pctbpbk40aJKVdKgeXtwGIxECkC5gshwwUwZ/KxHpM2hoktLLmur88+Tn8b3iDSyns/xU9Freby65BL2+/IxeK4XCiKy/nCGLEoGxAlFsV0jkksQSxBLK4wXHb9KVhmBg842E2ORgAvHQh1YLUwaC6VgJjJZFIl47HiaLhhdXM6B/ivTFjYJYNLPyh4LnlbhPZzNG7p1e14obzzY9wsCCYi2yAjRfEkVpDAnHsGM3njxMYxlTUuJ7dOyKsZEWLLTDZLsIqLl0PdgIVmeFo3ZNf6N4oH1x7CUvEQMbDMODEOrttksqPsZgWT+ZjMJ6+klxN6RF541Ymxp4XCoG4bzdutQOfGPQNClJ4V35x9WxAbxoKVzCQm7y9z621czYjKifSovOxKsaDpHCEvGU6M68K+IEOioumoI9RT5cSNTMEyR2UyWZRlKkzaWJRn9mGWmcd0MQKPKYSow3or8O6D+QJ1nzmlda8VvMM9u9uABPdMEgOTqQY0E7jIRNfUdYXzL98P3QPDBHlb8J8EU/A7bwexMDGVTPLvnLN0NRqqo4MY157gUpjDaob9/Asz93keg82FeQAAAABJRU5ErkJggg==","aspectRatio":1,"src":"/static/dc199ecc9e90e4bc7e9ed9b31e3c2b5f/e6da4/768px-python-logo-notext.svg.png","srcSet":"/static/dc199ecc9e90e4bc7e9ed9b31e3c2b5f/a74cd/768px-python-logo-notext.svg.png 30w,\n/static/dc199ecc9e90e4bc7e9ed9b31e3c2b5f/e4945/768px-python-logo-notext.svg.png 61w,\n/static/dc199ecc9e90e4bc7e9ed9b31e3c2b5f/e6da4/768px-python-logo-notext.svg.png 121w,\n/static/dc199ecc9e90e4bc7e9ed9b31e3c2b5f/3df8b/768px-python-logo-notext.svg.png 182w,\n/static/dc199ecc9e90e4bc7e9ed9b31e3c2b5f/34b50/768px-python-logo-notext.svg.png 242w,\n/static/dc199ecc9e90e4bc7e9ed9b31e3c2b5f/0756a/768px-python-logo-notext.svg.png 768w","sizes":"(max-width: 121px) 100vw, 121px"}}},"name":"Python","technologies":[{"icon":{"childImageSharp":{"fixed":{"base64":"data:image/png;base64,iVBORw0KGgoAAAANSUhEUgAAABQAAAAWCAYAAADAQbwGAAAACXBIWXMAAAsTAAALEwEAmpwYAAAFUUlEQVQ4y4VUe1BUVRz+8RIQRQQfhLTkk4xqymhsaqacqSat6Q9qhExAWFj23n2yLLnLvpB1QbIGjQzHRyqiYzUpjk4IIzUYAxqMZgIZqSg1WJgao6DC7p6vc++SjE4znZnfPfeee853ft/v8dEUpbqKNEZGon6ARMO1B00/YWrdhAn6h0wn7RnkZ67TNJ3VHiQaEawp9HPDfRMLEaIxIURrQqi2CHHFVszgFme2YHqRBbHmB006w3FuUYzZJXBkacHLF1gQ91aaORAjlYaRUsUoX2Cx5rUsyeZiC5xl7Imycvb4Oo9si8s80pqfn0O0aOmkUI1u+b8eyoD8XfKK8tRIstrwfEUlkkrsSHGX4+WqzXjM7sJcRykWr/MguXS9PCdaHX7JqWmipYMUQllqhGi+w+PIaRr9Ej3KF7HI4cRn37eh/mw3/H4/RsbGII3G7h4ku9xYNA4m2aMlDl8Qpzw5X/slzRXKlnDAYekG7pk/XMcBV61G+vbP8e2589jR3CoDgQWm4dv3sKxyMxJkryuQwukrSpwyYJRS2EKKVblJYWr9lWCZpuCjvHwEqQXMK3Hg8Omf0HSuCztOtOLa3zdlwKs3hpBavhEKSyketbow37kOCRa7l3iootWFbnr69TdiIwRDN6lEpLo3+L7pOs86+/vRcuES6k51oLatHbta2zB4+5YM2HG5HyVfHUHvwF84erYLSyoq2SRd0RgJBkw3OwrI8bY2PEpX/ANl56KqscmL/xk9A3+g5tiJ+9/Ze2p5JYi+EK0R4Tp9GtFT82lKofUYrVFi/ddHJEA26g3gDty4ifa+izh15RI6+i+j++oA7IePoq7tdCCsjCFrtwQoIEJb7IsVbC8SrVZRuMFUKwMeDABKm5t7zmPljp3wHGtEWUMDPmxqRnVTKw6cPD2RIT4yd+/xU56IKI35+gKVI4VidCU00+DcQNl52Hi4wSftHh4dRda2Wvx45bf/pO33M3h5KUlDubfOJwFGiIa+xJUZiTRDsJFC6zJQTj5Uu2r98vX8qd93EL2Df8qH7twbxdDwCIbujuDm7eEJYB9jyz+p5oCcsmjsXZiWEU9Tc9UUk5P/XjDPUpCgYcurt7C0mm1YsWkrrg2NZ7a3D8Vf1GNrcxtK6xug3LcflvojyNi+G3MsDl8or11eemcyXnkziqblFFBstiothNeR1Ho8wIzS07HU8zHG7nrh54Ef4R7eGB5G+4U+tP96Se6USIMJSXYXU9hcXqlkwnXmBpJG3BoVPZKpfIm3nU9SjAh9sSQGWOreADxURBWNTTj1y0WsrNkJBe/pZzyVbI7V6SO1niuSYQ+teJco0foRLXLWpHCp8o2LhCwQwWoRBbv24tPvjvMMN2BLSwsOdZ6Bpu4A4i02cKXBk+4KyUOf5GGEpmhzqFBIpCjh3eLelBCsMQ4GjdMOgBpAOXmMsnJBmbmckomLgAsJVrukMiy51MOVp5RFGsw+STvjRad1pmjnnAtyiVTpk7ji/i41ONc17zh9f5iuiLeVGZP0ZjaPS9Z8roWcIhfYtSxUa+JARqmH/XxGTI46e6pSIHoubyOtyK4JiRSLT0o/pNsCwJJqG8dkcO4194RJ8kZqwxhXJkYBNlzVubKLxnszs/Jem84TTLPLqynlUCe9WnU8Kr7A/Fa0+EFFmKBvCRX01+UQaAJG998LMUk0IVws7AnRFu2fkW/WLtRok+QMR8Xzh8dBtG8vPWurpXjdWqL3Bfo5dVloVGZOcqTRqo5Wm+rDRNMAaQzeyYK5K1ptcM/S2Za9sMYSRxnv0CyNjWarBcq0V9IAGP0D45/Yf23OsFMAAAAASUVORK5CYII=","width":30,"height":33,"src":"/static/b6b6021f6cbc521a46c8f93089b906fd/07469/frame-1.png","srcSet":"/static/b6b6021f6cbc521a46c8f93089b906fd/07469/frame-1.png 1x"}}},"name":"Python"},{"icon":{"childImageSharp":{"fixed":{"base64":"data:image/png;base64,iVBORw0KGgoAAAANSUhEUgAAABQAAAAWCAYAAADAQbwGAAAACXBIWXMAAAsTAAALEwEAmpwYAAAFOElEQVQ4y6VVaWwUZRh+u+12S+mGFgQRKJQWobZF+GEjMUSjifFICEYIP/CKImqIiYnGPzRFsQW63e1ud3vasrItchmwHHKVxgOtYBCIKCm1HG13zt0etqXb7u7M+/rOLEf0h3+c5Mn3zZeZZ573egaUGlu56AaNMcAY/l/wQBgkp70k6AYKVoHOoP+CUG0l0ZvGsP0LaSR4kkl2ggjBiqz3hQRhnFcUPBYU3EnI9yaMvXlebUXli0WoBh5BdVf+PxEo0KXGmSSVw2VQK1Kfk1xMaLzE6Hfwnu+Nj5gf4r1xJrAS5YvFxISkBPLvrIxdvG8p1KWGGSS5LKcgXALFogMmgx5+icNWahew/CkUdIIJwT2FlJpsPrMw4SImKjBJFGO9Sxgo0MTaaaT40tpgwJ2VL3qSVUOF6Jum01g/TXTtwb7PAPu2Ak5070O6LZJYnYFy7SxUW4sShE3zSPGbHzDSoIm+dJK91noY8S/Mk3ypQv82ILl5iR4VOykud1KodQWHUkza4EWK3Oyg4eOvYfSXMpI/n0Nq66MUv3WEBvYWk7xzIRMWxsXqVJKqbFtgLJA7Q/SmXDUIFX+RNt69H4e/eRkjXXtZ3QFzP3rRh2MXHBiXOlGsmUoKq8RICMN7ilFunm/kMCZ6U+nWjoxNQF6HVfSk/NxfwQobc7RozwEUnOk42XOQon1nSHBmYPTP/Rg+8CRFfgtQ9I9mjHYFSB9TKNyyjBUuQCVQqItuCwmVaWuBOgH6XdZ2s6qe5LjotFPvVi7Idm4bA5Wc28pkDseC4x2bMHqliaK/+zHaexJVfx630mKU/Qv5GYgNlsLjgA0Akiu51WwRJ8Tl2odw6NR6HG5/mwaPrCLRk4ahvU/RX+1vYPSSGyOnN9DImbe4OIV3wl2qy01zSHTCcKjctgzk7RYIbYOy4A5WUjdbo9AFHO14l4bPbMTBg09j5Pw20oWznMs1HHI9TbK62PU2HD35OspNcym0e7lmrFJ1St9oIDcHFKcFFIf1o6DRvJ50PXKlASev1NPtzlJUG/NQ6zlCQ6c3YM97QOruJ3QMX0at9ycaO/Eqtxn3qD9XkxpncSSWi5P7lmdAqH4ahBunvylwUnkqUGnK5gK8QCPfl5A+1IXajaM4cq4MB756Hicu+TDafRg18TzdPldOoS8fw6Fja2NGKwku+JWOrUmHUIPdIFxnJr8mCyNX/TjedRgj3Ydw8NAqntUijFzbj5N93yFyg09wlQe/fhEne3/AiZvfYkw4G1NbllDfdmi/dhwAlBpWWZe5gouimYVxWFH0ZKFQacO+cp7jHSYwWAFM/jANHV1t5A7lhpmoND6ISvP8uFRjJ9UBDWMuJpTLskHZUlAYrEqKmzbFYZtzbBiEJ8l0n8Teyj2XgzwZRiPz+C0xzYJXTfROoXA5OOQyJuwtnw/XtyzNZpsaCCYc5r5luU3DINPGvDZUdrHbtBShOb8thcbIMfI1sTqNpK2wWfqUCbXNSaB/nGRVK+FGMEFgKDXC14WqBGmCMNVQY5IqO3ORC6GJdZlx9kndeCZcl/lOqNYOQG0lYFyKO/Wo6cpV91QZHmmYrmYSelJQqpuus9KYmQbjuXu+mRQN1Wc+qxqEyoc5IK1ZCf2l69NC7gdekiosTn75R8mdPCgkSO/j7q+Ac8zzf0vlCRuoy1x3wzUvj1QW18vKpA/sILwyG2TvSv6/zIQRH5+1ea1jPnu+4rBvlKtsJ0QXKIyY6kntELxTPwmW2Z4Z37lgrlwKEGZVN50zYPXsKmYj+BvQclTLJHp8AQAAAABJRU5ErkJggg==","width":30,"height":33,"src":"/static/0aaa915ce085f37d8b2e7b32c388a3c9/07469/frame-2.png","srcSet":"/static/0aaa915ce085f37d8b2e7b32c388a3c9/07469/frame-2.png 1x"}}},"name":"MySQL"},{"icon":{"childImageSharp":{"fixed":{"base64":"data:image/png;base64,iVBORw0KGgoAAAANSUhEUgAAABQAAAAWCAYAAADAQbwGAAAACXBIWXMAAAsTAAALEwEAmpwYAAAFAElEQVQ4y3WUa2xTZRjHHxjr2o21QMfYBrsB67m13dq5jYBjGwNhHUwSDFHDN1BJUBONJphAIjIuy9qe3gbrLmwdk6EgSCQjLMQPBPggEwwxgQ9qZFGCSkDkg4xzzvv4vKcsmQpv8s97TnvO7/zf5wahDOkV1SpiJFucULPF30h3/6sI321cwrNE7wh3wlniQzVLfAShWdImEpL09C7i0/tpElHNlFC1yBjOfIbM3yUMcyC5awtncoj4JDxLYvQAC1skRvd0LZni1zGrxAaXNrFBOcAGpXX/UsrdaiQXrUTVVvEDRB3CGiJzJ0Yo08UOQCGGMkTTDXeWBkoYzRIJuIqlPOsxpbSwlBKgneByCx71bjB6Sxowmuu6BIk8sUG1Sdg5w8US9kp24+N9GHYIuJ/AEauHgOI0YBN3gwQxQek9gENKQO92eDHoeGEE+iuUykiO+Kdq8eAnMNe4ursDb4+cYh2QjwehhGLn5kf+H5A7NIFKGnjY7uHATyHo2VSqzvb9zF8+5n9Jv//NOENak7cn8Gzra3gAFlJMlecCzaPLLZqapWC/U+mA862rnYk5vu/3wny81X9U5zDt78cm9OF31zGYUc5CGfLzgFNx1EKU5d4i7w7AYGN2l90z3kkOJ06e0zjI0DQT+OTeA0wW1NLxyzFmlZ8PlFp01SrhgWL/RuCra27V2F5YgGNbtnMgM3QdTaJu4MnmANtL8YxbPWxgSeOzjmwMCOswkiM/7s6vqIXTBAzNdQ/yWjwIRdrtsxc4i2mTkxyJl9/5gO0GO3bPqWTDYjMloZXHbLpDY0BqwViu/KhvscsPkQIPJJzinojNjfugUB/wrGDsr/tph7R+vzTO9s9wYjy7go2417IBOTAdyIY8641k4XIM29x3YvKaCjg8X4DuQvGjsIX62VppUOmwM+s2mrCnUPbt/jjuAQdLFtWzYf9GHPKu5yBMuQNsyLtB7yuoxYhNudnftCUfIvm1EClc9ga1G/LWC1E222Ehjm3ejuzB/ac+kd3sGcaR6laM2RR2KK+G9ZQ2kihJSqsec1RT0lzX9A9fzIVE0XLoKl3ZFp7WarymeF0O+5rwRvwIe/zL3bRhXWO/fjWKV3aF8es3d+HYqzvwRP1mLWr3E1C8SM8AfFaqwJcupVG1UC+nJwsLUYJUq5uKupi6Jw+TJTI707IVxw924cSpL9gfo2fZj12H2ZVt77KTKzdrMbsPg7nS8V5eMicoMedq6hQC6lMO+SgyR5bFTWCFBkYZdkAxS+bXsh6nj/XM87Iji5axvsXN5pET86pRzVnaGc9YCPD5ah+c31q3IEIDlDuk8qGpI05B0yOMWi+erbCUiwDelzHlbcOhyjazqKkuCejHLueSnZHccoBkqQsGJcFKE3kiPVxFjSA6yQinweZwiFGyUq7VbJgyfKSswegta9Ljdp9G/+k8/vGCqvdi8ysphmsFGH1fmBmzS5fT01cy5yEXwabgLJghsGhulXFonv+JOktgnVBBHxf4iVDNkiYHFi9r7iuuAbgg1cFPdX64Vl/t6Cmrb0sskNsTdvkiFeo9nhwTboZCwuBMATvBhWGrZERne2/GZkvHeork7ecaq5fgXZ6REMCZghq4WlYFo5IXepcuh3YQAO+8ZVFLVrh6nd63Y07/6WiOOEFOtLhDut5X4G7vLvM0nFj7et42KIfUIgWOu72AOwHwFsA/wf9KSLOsCIIAAAAASUVORK5CYII=","width":30,"height":33,"src":"/static/435d90dfd3e47a95dff910230f342a47/07469/frame-3.png","srcSet":"/static/435d90dfd3e47a95dff910230f342a47/07469/frame-3.png 1x"}}},"name":"Flask"},{"icon":{"childImageSharp":{"fixed":{"base64":"data:image/png;base64,iVBORw0KGgoAAAANSUhEUgAAABQAAAAWCAYAAADAQbwGAAAACXBIWXMAAAsTAAALEwEAmpwYAAAFNUlEQVQ4y22Va0xTZxjH321ZsmTJsg9L/LJkWbIPzmRmcW7OeYENCz1tEUWnmzpwqMwLZlnCdE6dAbRg7wje0KHcJKJDp1N0CqU955RSaBEvQYduchEvSK2ITml7/nveUzCG7CRP3rc9p7/zvM/zf/5lC6X1mwSx8JlOtN+luD82hBfWsfsx0U/3gkx31rxekOzQibaoINmgoxDGhhj7XkfPxfb2/w2CPmLaMzvSRz4M0xuU0aAfKnrJrhgkh7rOkYuUTH+Z8m1LqbKs9YCyrOWAumbQuqL1YGRB024kSiYv0zntOoLxDKICh72QRaLbghmNBfi4IQ/TnPlY4N2D5f6DWB2owKoXYnWgMvplDNjENE0FkwTJOkRZ8eNFOYwyQpJoRbJUiMIrf+LUzQBOdAVQfaMZ2YEjWNpSqoJW+svVoD1luAcasaCGJXryPyTgw1HgKCzRbYPvTicw+BTNt67Bd7sTTwcGMRQaRN7lk1ji24c1gUoOUwgamS3vgFY2VrN4OeddrWTtVoHUGKoZvnCZsLi5BI+HHuEwZTWpPhdTGraiqtMDPI6grqsdi+j+6NEJGOYlmt2Qt4Wta5n4RrJUcEEQHbyOEd4ADdUurXkf7oUGUN4pYapzK1IoA2oIzJfPYK3/EJa3Pq+l8p2/fFgv26E5XZTJns5grxhcJmlEOmF+ZBVIRxoIBXGk04d413ZMdxqR3XYY/YMPUXndg1TPThCIH1tJ9/0a4Y3V19tT2QpkMK3TUafqT7QT0KEkuMxYQkcKhh7gKAEnntuMzZd+R/iZAvWi5XTvFZBk1AwJyOsfTvKYp7JZV3YyncteIcTkEua6m95oxFxPMQYeBnHgLxETzm1CbY8f/ww+wHA0gntPhtDx4DbWth0CaTPKgVrJ0q/x5E1ggmhhWtmyjWdIx43McpuV8k6ZOnsdXXd60dJ3A76eq+BN+95frSZ4rCeA+fJOrPCXIautMpLm2w+taLn5ufzLOyzJs50lyQVZQgwYJTErWf4qhIIDiPSHgNATHP67CXEk8PXtR1Xg0W4/uJB5/agxBCylhpquzvVkjmMaKZ/CuDg2s7FR+8y5DUu8+9DV14WSjnPUZSMSSEob2mtV4G/dASzylqg6pAjzCTK4t3lRx15lBmkLS5Y3pegkK2IjaOezSzWx4cdADRZ7SpDgNoNKgewLR0aAfnzt3ctlo2QFqsLzmoqhqbedTsP7jKW7VrNMV9pHetEa5o3hGc5szMeGi7VqNzuCfdC4rJh8PgeWjjMqsLa7DQtp1Na0VXINhud4iqB12ipm9FkYS6jZxeJL976nuk2sjqqwU6QduBjsUQH3Hz9CW38XEFEQHQZyL/+hThI1hJymLJIsF/JxLdRIZsYMx+1sdoX9LW6wI96n2lWiaIFedCiOq/U4easd7rvXcKr3Ira0H+fmoGS1VXGXUTJby6IcqJHzsxMkI2O6hiImnC1+jYB9qomSuIXYxEQpU+WT+lxlSn2eMpPbV9Nu5RuSCEGU9Jb9EapjmPSqOhQBl2qkAjpyaw6L61j3sla0yvxGzKUdaoMIOkxvV+eb6sTNlXxv1zC3tSR6lodAzqQXLf8ukH6Imyf+xNg0Sw37IKWdTd5a83rCeZOBFG9Mdm+vFyTLwIiTPzdcvucQcieyOdM1g2itSZbzlmecWPU2g4nNgYGxeFst+zSjlU2r3stmnbUx/aVchjfZSzpvznhNXfHKJNF0jLLuJRj955gvpLpyNiY2OuLmN6ePGy+LLFXeyL6q+5mB0QWw/wDKCIc0e3+ouwAAAABJRU5ErkJggg==","width":30,"height":33,"src":"/static/ca9442399681a3b97be19eaf0f90361c/07469/frame-4.png","srcSet":"/static/ca9442399681a3b97be19eaf0f90361c/07469/frame-4.png 1x"}}},"name":"AJAX"},{"icon":{"childImageSharp":{"fixed":{"base64":"data:image/png;base64,iVBORw0KGgoAAAANSUhEUgAAABQAAAAWCAYAAADAQbwGAAAACXBIWXMAAAsTAAALEwEAmpwYAAAFaElEQVQ4y02VWUxUZxTHvyf70MQHn9qXxpcmjUmTpkkb0za1aVL3ahVlmGFGFltstEbqgpVNRUwUWYe5c1lE6oIgO9iKYiK0RsAQChZry1KdGZh7L6AwM3dggJl7/z3fBWInOTn3u8vvO9//LMPMTnknGcyC4iMfNAtkTmXJC6/XMeQNc/zPlu+ZHLJK7y1aBPkRixGUKDLEOOXwkicTaAPy1hLF8CZaJ16exLcVU4YlXl7xk0goN+7rFpHeFeQuZhXHtpqdEkGUMEWoE0y3OBV9b7Gsb87xGmuC6seqA/qpOlU/Wu3X0xtV/WRtQD/bEjQsvSEQMTsnECe46lhC+dCXseI4B2ocSDBEFclIuDKByh4/lwL8XsvgLLrdi2gemMX5VhXVvUFkNgZwpjmIE7d8xuliS8cEFuuQPuQ6LR9V48fclONFUfsM+C+1YQZ77BJcvgUUP/Djt5E5PHaH0Dc2j7R6H043B/WUWn+Yb7ynxJ3JrA7pAwL6V4Bcvz0UYce/8yjqmEHb01lEFSsYkOYhELCTgN2uEDpH55Fe7+cR6idq/JpFlLCruDeJJTv611qFcbcRsqhEtudJSKl7BSWgIafNh+lQGIdvTqHfG8If0gKan8wh546KAYowtc4HruGBypeUuHEtrvTPLSyp+ukaog8aWhHwqwte/cHwHB665pF/T0WfaxHtg7T2hJDZ6sORGwFcJOCQdw4/1fmR1RrUkggYXSz54pxT77N3W0rfMInex+alI4ct4gRON84g2iFjQ7YXthJaN/lR2K4SKGgk4fwvKoo7VWQ2qRwY2U8lZHaMuY+L/WtZVj2YyeFpXQHyTO8okIzMxpcpoPLB9jwvjlb7cK41aNiZZhWn6gIcpmc0qpF9pZNUv96nB2ufrWG2ErBY0V31OkJF55n+Ol/CllyJdJ2gKBVQrRFExbFqvxFZ9u0g6afqdB2OK5vEXmG8++PO8lUs1umi4h7P4tnlGn5TKOmbc704dHUKvw+HcOGeD9suSUhr8qHHs4Brj4OGdsdrSL+WICjCcFzpFKLsrg4sgvGyYTbH+GEL9fNuu6ydqJnW7w3NYXBsAdV9KuKovaLsMkECuEKwv6RFjE4uomlgDmdbVeogX5jrHSt6qhLLCLjfOcK+cw6ZrKKMjTmSXvkwqAMaLnep2J4rYwsVua1UMXRLvuFH9q8qvIEF+BYjOHvHrydX+cImQSK9nxfZSkYYi6kYYzGV7i94MriOvIdTbr3Eo5EQvEENp2/PYCsdObPZj7+nFuBVw7jZZ+jHE6Qn35zReIRWp5xqERTGTBUeFl3p+oymjcZrkQ8C0hFbLsk4SQWeXDOF3YUyTjX4cK1nFukE/rHKTy2nGkX9/c+vNBM/siCn0PhibGN+D9uQe38dJWV+OdM6dQxPEDiYDwp+fbLWj9R6FRkNRmRGQniEh65N6yaHhCTniG2/MMpYlOMu21ZY8zaJarQfHV1bGVkENjzfKLU+QAUd1DmE65nWENCP1/h0Khk+4rS4CtcmW7mbsSPXu1lGbfsqW4lbfg1UIktFrmjL85EDeJT6wauvNIJElt7hz43hjB3lz9bvKhtmLPFFKbPiCLOUei7S1JH4Q+MvwTj+SvcoWnzZJIdH9pJeyxvzCU3eG9onvmj8JOP6m9uy2xj7IW+UVWSAxTt6WZRYtzqmbGyHVXTbo52eDvpIMQtLYJPx8QRinfK0RRwfsJZ4CuIczxM2F9x9562sAFt37jpbn9vJ2KHcUZZ2foIdyO9jMc4eFi26WXz5BEMemNnpfm+3MJxsFuU2myB1mYr/SbfY+z86XPNkdYLgYTbBxXbauxhbD/ZpwX32ub2X/QdXI851nLKhpwAAAABJRU5ErkJggg==","width":30,"height":33,"src":"/static/2931dee19369d257719f80962760cc8b/07469/frame-5.png","srcSet":"/static/2931dee19369d257719f80962760cc8b/07469/frame-5.png 1x"}}},"name":"APIs"},{"icon":{"childImageSharp":{"fixed":{"base64":"data:image/png;base64,iVBORw0KGgoAAAANSUhEUgAAABQAAAAWCAYAAADAQbwGAAAACXBIWXMAAAsTAAALEwEAmpwYAAAFB0lEQVQ4y4WVe1DUVRTHzz5/+/ptuoKyIA/jYYgJSiqOBH8wvbMm34qjY06TlU06NJavMVIzZWF/v2UX0GQxKbU/FHNEanJAECHDRfqnwkkrJo0pNZHIZHfv6dy7C43NNN2Z7/zub/fu537PPeeehdr4uL0VshHddmmQ9Od/yfU/csukMeZB8Mc6XG49oGKEEAn/LbcB0CMBHrXohI7Q/MjIu1mLR2gNl0rrKmTpLziUMH5LBS1QJAi6JWAjUvjTSE8TsDIA9hnpLKndAKxND6x55N2iZc1mbVjlUDnuKhzISHi5wqLnbiJAo4CLp0qwPfSjD6fnY5/Hw657fexMdjZ2zcrB/poa7H1jHZ6zaPGUBGEeidfhbIfK2NwCxWJD4SbiDEegXlmPOwGwbe3rDKPj4uKF+G3JBjEP9v+G5+0SNhoJaOTACV1wILUg22Oz3eY7KFLkC+5MMWmRh/o26XjRs4gszKGsZ95T2Dn3EexvOIY/le3BdtnAmqTo+TuST8KBSXm5Hpv1Dw4kWFg1aViZFvB9cnYoZzo7tXjZvSu19dyQAH6zZAGepiQ2Z2VgS2oi0hlig0kTquAhj0vyg5q5Ik2x2a9xIDkLc9hei3zvsr+O4XBwJFJGQ0y6n3kCLy1fhOGhIRxobcVOu5H56fzLyGFdgn09+PPeilNt8mVxbmZtiDsTMILcufIjNj6/hHW9s3vUYffTj+Gl1SsF/PdAADtsenaQgC5yumtKSjHw4bUbmhWTBimjwdqps1l46C6GBwfwk5kF7E3a4ORzC0ecksPHMVC8VMxvdnbgeQLWUQ2Xmyz4XnreUjhHwLI4+zEP7bCbgPWz5iKGQ3i3r4/VJE7C7ZSUM6tevA/YvWJZxOGFL/GsVc/2UW26LXasiplTCF0EdMU8eFiVtFhugGC5fiy7cf4rcWDtG7exrdzhvEViEwF8sgi7Vy4X81udndhi1YVrKElu2TZQm/poDnitKVD5wGSXIulQNUOIXLKDOfnsbt91cW53envx3s/XRh32FC/Bi5RpPu4EuvGszRCKAOXLH81e7wTfhFSock7eqJh0kbIxA+OJqZk4iZ15aQMGdnkxUOrCK+9uxaulW7DFYcWr27cJ4GDP14wDqwlYaTd1D79aIoPPmQXVSTPnR4Hi/qpmDXMRdAe5LY088RTpC7pFFxe/gMGbNwTw2q4deAIgVEafV9ukAJaUW+FoSiI0ZKQXUkGH77vH1El4osgxeqx0X3WAl/Jzcfj2bQEboIRciHewEzqqQaoQX6ytUZTM0eRkaJicma9K9wNHJUXaWCNt0EqhdeU+jD9s3YRtdIc7aG2jRRN0GbXodjxU18CBn+ZkQvOc3GmqbBgaBfIm8c9cAE+bADvI8Tly2sJbF71/btayD+geu+m4fI70UjUuA6A+Pw9OLigYr8jyrWiDGFb4ZadGEe08TCVwM4XVRGd7nJwetuhYpaThDSFYTuKNpMaZvrk6NhmgqvBXWLcWNZVjEtoFgMqnItqpoz2Sg9n+SAdnlAAOEc1AREQwxWxAT/yMVZ64LEodjxsRal9ZFOt3Zq7xjE36uGqMpUu1mod5J492ISw3RpuviMJMiZK/98VYmiqdU0tqZ8yZuhr0sAayI0CuqvlF9HeQDmuBKK/tt+7PzMr3Txy32eeIb1Ps1l/cPNtjY77zxiaorrRpC6pmbZrIvfgcabBvShbsdPWQL4S/AboLUgQciYqCAAAAAElFTkSuQmCC","width":30,"height":33,"src":"/static/c51df4757d951457d40964836656f8db/07469/frame-6-1-.png","srcSet":"/static/c51df4757d951457d40964836656f8db/07469/frame-6-1-.png 1x"}}},"name":"Django"}],"title":"","topics":["POO en Python","Consultas SQL y diagramas ERD","Conceptos básicos de seguridad web","Operaciones CRUD","Marco MVC y patrones de diseño","Implementación de aplicaciones","Algoritmos en Python","Desarrollo basado en pruebas"]}}},"Language page renders correctly: src/components/navbar/index.tsx":{"allMarkdownRemark":{"edges":[{"node":{"frontmatter":{"name":"Python"},"fields":{"slug":"/languages/python-1/"}}}]}}}